// Jest Snapshot v1, https://goo.gl/fbAQLP

exports[`Wizard without render prop should render without steps 1`] = `
<Wizard
  basename=""
  className=""
  onNext={null}
  render={null}
  routed={false}
>
  <div
    className=""
  />
</Wizard>
`;
